// Jest Snapshot v1, https://goo.gl/fbAQLP

exports[`Loading component renders Loading 1`] = `
<img
  src="https://mir-s3-cdn-cf.behance.net/project_modules/disp/2a6dae53616869.593a85ce553c4.gif"
  style={
    Object {
      "display": "block",
      "height": "auto",
      "margin": "auto",
      "width": "10vw",
    }
  }
/>
`;
